                                      1 ;--------------------------------------------------------
                                      2 ; File Created by SDCC : free open source ANSI-C Compiler
                                      3 ; Version 4.1.0 #12072 (MINGW32)
                                      4 ;--------------------------------------------------------
                                      5 	.module blittest
                                      6 	.optsdcc -mgbz80
                                      7 	
                                      8 ;--------------------------------------------------------
                                      9 ; Public variables in this module
                                     10 ;--------------------------------------------------------
                                     11 	.globl b_Scene_BlitTest
                                     12 	.globl _Scene_BlitTest
                                     13 	.globl _blittest_lcd
                                     14 	.globl _blittest_vbl
                                     15 	.globl _set_palette
                                     16 	.globl _set_bkg_data
                                     17 	.globl _get_bkg_xy_addr
                                     18 	.globl _display_off
                                     19 	.globl _wait_vbl_done
                                     20 	.globl _set_interrupts
                                     21 	.globl _disable_interrupts
                                     22 	.globl _enable_interrupts
                                     23 	.globl _add_LCD
                                     24 	.globl _add_VBL
                                     25 	.globl _test_scanline_offsets
                                     26 	.globl _scanline
                                     27 	.globl _toto
                                     28 	.globl _blittest_pos
                                     29 	.globl _blittest_offset
                                     30 	.globl _blittest_y
                                     31 	.globl _blittest_buffer
                                     32 	.globl _blittest_output
                                     33 	.globl _test_scanline_offsets_tbl
                                     34 	.globl ___bank_fire
                                     35 ;--------------------------------------------------------
                                     36 ; special function registers
                                     37 ;--------------------------------------------------------
                                     38 ;--------------------------------------------------------
                                     39 ; ram data
                                     40 ;--------------------------------------------------------
                                     41 	.area _DATA
      000000                         42 _blittest_output::
      000000                         43 	.ds 720
      0002D0                         44 _blittest_buffer::
      0002D0                         45 	.ds 360
      000438                         46 _blittest_y::
      000438                         47 	.ds 1
      000439                         48 _blittest_offset::
      000439                         49 	.ds 2
      00043B                         50 _blittest_pos::
      00043B                         51 	.ds 2
      00043D                         52 _toto::
      00043D                         53 	.ds 1
      00043E                         54 _scanline::
      00043E                         55 	.ds 1
      00043F                         56 _test_scanline_offsets::
      00043F                         57 	.ds 2
                                     58 ;--------------------------------------------------------
                                     59 ; absolute external ram data
                                     60 ;--------------------------------------------------------
                                     61 	.area _DABS (ABS)
                                     62 ;--------------------------------------------------------
                                     63 ; global & static initialisations
                                     64 ;--------------------------------------------------------
                                     65 	.area _HOME
                                     66 	.area _GSINIT
                                     67 	.area _GSFINAL
                                     68 	.area _GSINIT
                                     69 ;src\blittest.c:13: UINT8 blittest_y = 0;
      000000 21r38r04                70 	ld	hl, #_blittest_y
      000003 36 00                   71 	ld	(hl), #0x00
                                     72 ;src\blittest.c:14: UINT16 blittest_offset = 0;
      000005 21r39r04                73 	ld	hl, #_blittest_offset
      000008 36 00                   74 	ld	(hl), #0x00
      00000A 23                      75 	inc	hl
      00000B 36 00                   76 	ld	(hl), #0x00
                                     77 ;src\blittest.c:15: UINT8** blittest_pos = blittest_output+20;
      00000D 21r3Br04                78 	ld	hl, #_blittest_pos
      000010 36r28                   79 	ld	(hl), #<((_blittest_output + 0x0028))
      000012 23                      80 	inc	hl
      000013 36s00                   81 	ld	(hl), #>((_blittest_output + 0x0028))
                                     82 ;src\blittest.c:17: UINT8 toto = 0;
      000015 21r3Dr04                83 	ld	hl, #_toto
      000018 36 00                   84 	ld	(hl), #0x00
                                     85 ;src\blittest.c:18: UINT8 scanline = 0;
      00001A 21r3Er04                86 	ld	hl, #_scanline
      00001D 36 00                   87 	ld	(hl), #0x00
                                     88 ;src\blittest.c:31: const UBYTE* test_scanline_offsets = test_scanline_offsets_tbl;
      00001F 21r3Fr04                89 	ld	hl, #_test_scanline_offsets
      000022 36rAC                   90 	ld	(hl), #<(_test_scanline_offsets_tbl)
      000024 23                      91 	inc	hl
      000025 36s00                   92 	ld	(hl), #>(_test_scanline_offsets_tbl)
                                     93 ;--------------------------------------------------------
                                     94 ; Home
                                     95 ;--------------------------------------------------------
                                     96 	.area _HOME
                                     97 	.area _HOME
                                     98 ;--------------------------------------------------------
                                     99 ; code
                                    100 ;--------------------------------------------------------
                                    101 	.area _CODE_4
                                    102 ;src\blittest.c:20: void blittest_vbl()
                                    103 ;	---------------------------------
                                    104 ; Function blittest_vbl
                                    105 ; ---------------------------------
      000000                        106 _blittest_vbl::
                                    107 ;src\blittest.c:22: blittest_pos = blittest_output+(20*2+2);
      000000 21r3Br04               108 	ld	hl, #_blittest_pos
      000003 3Er54                  109 	ld	a, #<((_blittest_output + 0x0054))
      000005 22                     110 	ld	(hl+), a
      000006 36s00                  111 	ld	(hl), #>((_blittest_output + 0x0054))
                                    112 ;src\blittest.c:24: blittest_y = 0;
      000008 21r38r04               113 	ld	hl, #_blittest_y
      00000B 36 00                  114 	ld	(hl), #0x00
                                    115 ;src\blittest.c:27: scanline = 0;
      00000D 21r3Er04               116 	ld	hl, #_scanline
      000010 36 00                  117 	ld	(hl), #0x00
                                    118 ;src\blittest.c:28: }
      000012 C9                     119 	ret
                           000004   120 ___bank_fire	=	0x0004
                                    121 ;src\blittest.c:33: void blittest_lcd()
                                    122 ;	---------------------------------
                                    123 ; Function blittest_lcd
                                    124 ; ---------------------------------
      000013                        125 _blittest_lcd::
      000013 3B                     126 	dec	sp
                                    127 ;src\blittest.c:35: SCX_REG = (test_scanline_offsets[scanline & (UBYTE)7]+1)*2;
      000014 FAr3Er04               128 	ld	a, (#_scanline)
      000017 E6 07                  129 	and	a, #0x07
      000019 4F                     130 	ld	c, a
      00001A 21r3Fr04               131 	ld	hl, #_test_scanline_offsets
      00001D 7E                     132 	ld	a, (hl)
      00001E 81                     133 	add	a, c
      00001F 4F                     134 	ld	c, a
      000020 23                     135 	inc	hl
      000021 7E                     136 	ld	a, (hl)
      000022 CE 00                  137 	adc	a, #0x00
      000024 47                     138 	ld	b, a
      000025 0A                     139 	ld	a, (bc)
      000026 3C                     140 	inc	a
      000027 87                     141 	add	a, a
      000028 E0r00                  142 	ldh	(_SCX_REG+0),a
                                    143 ;src\blittest.c:37: for (UINT8 i=scanline ; i<=LY_REG ; ++i)
      00002A FAr3Er04               144 	ld	a, (#_scanline)
      00002D F8 00                  145 	ldhl	sp,	#0
      00002F 77                     146 	ld	(hl), a
      000030                        147 00110$:
      000030 F0r00                  148 	ldh	a, (_LY_REG+0)
      000032 F8 00                  149 	ldhl	sp,	#0
      000034 96                     150 	sub	a, (hl)
      000035 38 73                  151 	jr	C, 00112$
                                    152 ;src\blittest.c:39: UINT8 old = blittest_y;
      000037 21r38r04               153 	ld	hl, #_blittest_y
      00003A 4E                     154 	ld	c, (hl)
                                    155 ;src\blittest.c:40: blittest_y = scanline>>3; //LY_REG>>3;
      00003B FAr3Er04               156 	ld	a, (#_scanline)
      00003E CB 37                  157 	swap	a
      000040 07                     158 	rlca
      000041 E6 1F                  159 	and	a, #0x1f
      000043 EAr38r04               160 	ld	(#_blittest_y),a
                                    161 ;src\blittest.c:41: ++scanline;
      000046 21r3Er04               162 	ld	hl, #_scanline
      000049 34                     163 	inc	(hl)
                                    164 ;src\blittest.c:43: if (blittest_y!=old)
      00004A FAr38r04               165 	ld	a, (#_blittest_y)
      00004D 91                     166 	sub	a, c
      00004E 28 1C                  167 	jr	Z, 00105$
                                    168 ;src\blittest.c:45: if (blittest_y==14)
      000050 FAr38r04               169 	ld	a, (#_blittest_y)
      000053 D6 0E                  170 	sub	a, #0x0e
      000055 20 0A                  171 	jr	NZ, 00102$
                                    172 ;src\blittest.c:47: blittest_pos = blittest_output+2;
      000057 21r3Br04               173 	ld	hl, #_blittest_pos
      00005A 3Er04                  174 	ld	a, #<((_blittest_output + 0x0004))
      00005C 22                     175 	ld	(hl+), a
      00005D 36s00                  176 	ld	(hl), #>((_blittest_output + 0x0004))
      00005F 18 0B                  177 	jr	00105$
      000061                        178 00102$:
                                    179 ;src\blittest.c:52: blittest_pos += 4;
      000061 21r3Br04               180 	ld	hl, #_blittest_pos
      000064 7E                     181 	ld	a, (hl)
      000065 C6 08                  182 	add	a, #0x08
      000067 22                     183 	ld	(hl+), a
      000068 7E                     184 	ld	a, (hl)
      000069 CE 00                  185 	adc	a, #0x00
      00006B 77                     186 	ld	(hl), a
      00006C                        187 00105$:
                                    188 ;src\blittest.c:57: if (blittest_y<13)
      00006C FAr38r04               189 	ld	a, (#_blittest_y)
      00006F D6 0D                  190 	sub	a, #0x0d
      000071 30 32                  191 	jr	NC, 00111$
                                    192 ;src\blittest.c:59: **blittest_pos = toto; //toto; //(*blittest_buf_pos)>>2;
      000073 21r3Cr04               193 	ld	hl, #_blittest_pos + 1
      000076 2B                     194 	dec	hl
      000077 2A                     195 	ld	a, (hl+)
      000078 4F                     196 	ld	c, a
      000079 46                     197 	ld	b, (hl)
      00007A 69                     198 	ld	l, c
      00007B 60                     199 	ld	h, b
      00007C 2A                     200 	ld	a, (hl+)
      00007D 4F                     201 	ld	c, a
      00007E 46                     202 	ld	b, (hl)
      00007F FAr3Dr04               203 	ld	a, (#_toto)
      000082 02                     204 	ld	(bc), a
                                    205 ;src\blittest.c:60: ++blittest_pos;
      000083 21r3Br04               206 	ld	hl, #_blittest_pos
      000086 7E                     207 	ld	a, (hl)
      000087 C6 02                  208 	add	a, #0x02
      000089 22                     209 	ld	(hl+), a
      00008A 7E                     210 	ld	a, (hl)
      00008B CE 00                  211 	adc	a, #0x00
                                    212 ;src\blittest.c:62: **blittest_pos = toto; //(*blittest_buf_pos)>>2;
      00008D 32                     213 	ld	(hl-), a
      00008E 2A                     214 	ld	a, (hl+)
      00008F 4F                     215 	ld	c, a
      000090 46                     216 	ld	b, (hl)
      000091 69                     217 	ld	l, c
      000092 60                     218 	ld	h, b
      000093 2A                     219 	ld	a, (hl+)
      000094 4F                     220 	ld	c, a
      000095 46                     221 	ld	b, (hl)
      000096 FAr3Dr04               222 	ld	a, (#_toto)
      000099 02                     223 	ld	(bc), a
                                    224 ;src\blittest.c:63: ++blittest_pos;
      00009A 21r3Br04               225 	ld	hl, #_blittest_pos
      00009D 7E                     226 	ld	a, (hl)
      00009E C6 02                  227 	add	a, #0x02
      0000A0 22                     228 	ld	(hl+), a
      0000A1 7E                     229 	ld	a, (hl)
      0000A2 CE 00                  230 	adc	a, #0x00
      0000A4 77                     231 	ld	(hl), a
      0000A5                        232 00111$:
                                    233 ;src\blittest.c:37: for (UINT8 i=scanline ; i<=LY_REG ; ++i)
      0000A5 F8 00                  234 	ldhl	sp,	#0
      0000A7 34                     235 	inc	(hl)
      0000A8 18 86                  236 	jr	00110$
      0000AA                        237 00112$:
                                    238 ;src\blittest.c:70: }
      0000AA 33                     239 	inc	sp
      0000AB C9                     240 	ret
      0000AC                        241 _test_scanline_offsets_tbl:
      0000AC 00                     242 	.db #0x00	; 0
      0000AD 01                     243 	.db #0x01	; 1
      0000AE 02                     244 	.db #0x02	; 2
      0000AF 03                     245 	.db #0x03	; 3
      0000B0 03                     246 	.db #0x03	; 3
      0000B1 02                     247 	.db #0x02	; 2
      0000B2 01                     248 	.db #0x01	; 1
      0000B3 00                     249 	.db #0x00	; 0
      0000B4 00                     250 	.db #0x00	; 0
      0000B5 01                     251 	.db #0x01	; 1
      0000B6 02                     252 	.db #0x02	; 2
      0000B7 03                     253 	.db #0x03	; 3
      0000B8 03                     254 	.db #0x03	; 3
      0000B9 02                     255 	.db #0x02	; 2
      0000BA 01                     256 	.db #0x01	; 1
      0000BB 00                     257 	.db #0x00	; 0
                                    258 ;src\blittest.c:72: void Scene_BlitTest() BANKED
                                    259 ;	---------------------------------
                                    260 ; Function Scene_BlitTest
                                    261 ; ---------------------------------
                           000004   262 	b_Scene_BlitTest	= 4
      0000BC                        263 _Scene_BlitTest::
      0000BC E8 F8                  264 	add	sp, #-8
                                    265 ;src\blittest.c:76: disable_interrupts();
      0000BE CDr00r00               266 	call	_disable_interrupts
                                    267 ;src\blittest.c:77: DISPLAY_OFF;
      0000C1 CDr00r00               268 	call	_display_off
                                    269 ;src\blittest.c:79: HIDE_WIN;
      0000C4 F0r00                  270 	ldh	a, (_LCDC_REG+0)
      0000C6 E6 DF                  271 	and	a, #0xdf
      0000C8 E0r00                  272 	ldh	(_LCDC_REG+0),a
                                    273 ;src\blittest.c:80: set_palette(PALETTE(CBLACK, CGRAY, CSILVER, CWHITE));
      0000CA 21 1B 00               274 	ld	hl, #0x001b
      0000CD E5                     275 	push	hl
      0000CE CDr00r00               276 	call	_set_palette
      0000D1 E8 02                  277 	add	sp, #2
                                    278 ;src\blittest.c:81: set_bkg_data(0, 16, fire_tiles_tiledata);
      0000D3 21r00r00               279 	ld	hl, #_fire_tiles_tiledata
      0000D6 E5                     280 	push	hl
      0000D7 3E 10                  281 	ld	a, #0x10
      0000D9 F5                     282 	push	af
      0000DA 33                     283 	inc	sp
      0000DB AF                     284 	xor	a, a
      0000DC F5                     285 	push	af
      0000DD 33                     286 	inc	sp
      0000DE CDr00r00               287 	call	_set_bkg_data
      0000E1 E8 04                  288 	add	sp, #4
                                    289 ;src\blittest.c:84: for (y=0 ; y!=18 ; ++y)
      0000E3 01 00 00               290 	ld	bc, #0x0000
      0000E6 AF                     291 	xor	a, a
      0000E7 F8 06                  292 	ldhl	sp,	#6
      0000E9 77                     293 	ld	(hl), a
                                    294 ;src\blittest.c:86: for (x=0 ; x!=20 ; ++x)
      0000EA                        295 00112$:
      0000EA 59                     296 	ld	e, c
      0000EB 50                     297 	ld	d, b
      0000EC CB 23                  298 	sla	e
      0000EE CB 12                  299 	rl	d
                                    300 ;c
      0000F0 21r00r00               301 	ld	hl, #_blittest_output
      0000F3 19                     302 	add	hl, de
      0000F4 33                     303 	inc	sp
      0000F5 33                     304 	inc	sp
      0000F6 E5                     305 	push	hl
      0000F7 21rD0r02               306 	ld	hl, #_blittest_buffer
      0000FA 09                     307 	add	hl, bc
      0000FB E5                     308 	push	hl
      0000FC 7D                     309 	ld	a, l
      0000FD F8 04                  310 	ldhl	sp,	#4
      0000FF 77                     311 	ld	(hl), a
      000100 E1                     312 	pop	hl
      000101 7C                     313 	ld	a, h
      000102 F8 03                  314 	ldhl	sp,	#3
      000104 77                     315 	ld	(hl), a
      000105 AF                     316 	xor	a, a
      000106 F8 07                  317 	ldhl	sp,	#7
      000108 77                     318 	ld	(hl), a
      000109                        319 00106$:
                                    320 ;src\blittest.c:88: *(blittest_output+oy+x) = get_bkg_xy_addr(x, y);
      000109 F8 07                  321 	ldhl	sp,	#7
      00010B 7E                     322 	ld	a, (hl)
      00010C 16 00                  323 	ld	d, #0x00
      00010E 87                     324 	add	a, a
      00010F CB 12                  325 	rl	d
                                    326 ;c
      000111 5F                     327 	ld	e, a
      000112 E1                     328 	pop	hl
      000113 E5                     329 	push	hl
      000114 19                     330 	add	hl, de
      000115 E5                     331 	push	hl
      000116 F8 08                  332 	ldhl	sp,	#8
      000118 7E                     333 	ld	a, (hl)
      000119 F5                     334 	push	af
      00011A 33                     335 	inc	sp
      00011B 23                     336 	inc	hl
      00011C 7E                     337 	ld	a, (hl)
      00011D F5                     338 	push	af
      00011E 33                     339 	inc	sp
      00011F CDr00r00               340 	call	_get_bkg_xy_addr
      000122 E8 02                  341 	add	sp, #2
      000124 E5                     342 	push	hl
      000125 F8 08                  343 	ldhl	sp,	#8
      000127 73                     344 	ld	(hl), e
      000128 F8 09                  345 	ldhl	sp,	#9
      00012A 72                     346 	ld	(hl), d
      00012B E1                     347 	pop	hl
      00012C D1                     348 	pop	de
      00012D F8 04                  349 	ldhl	sp,	#4
      00012F 7E                     350 	ld	a, (hl)
      000130 12                     351 	ld	(de), a
      000131 13                     352 	inc	de
      000132 23                     353 	inc	hl
      000133 7E                     354 	ld	a, (hl)
      000134 12                     355 	ld	(de), a
                                    356 ;src\blittest.c:89: *(blittest_buffer+oy+x) = 0;
                                    357 ;c
      000135 2B                     358 	dec	hl
      000136 2B                     359 	dec	hl
      000137 2B                     360 	dec	hl
      000138 2A                     361 	ld	a, (hl+)
      000139 5F                     362 	ld	e, a
      00013A 56                     363 	ld	d, (hl)
      00013B F8 07                  364 	ldhl	sp,	#7
      00013D 6E                     365 	ld	l, (hl)
      00013E 26 00                  366 	ld	h, #0x00
      000140 19                     367 	add	hl, de
      000141 5D                     368 	ld	e, l
      000142 54                     369 	ld	d, h
      000143 AF                     370 	xor	a, a
      000144 12                     371 	ld	(de), a
                                    372 ;src\blittest.c:90: **(blittest_output+oy+x) = 4;
      000145 F8 04                  373 	ldhl	sp,	#4
      000147 2A                     374 	ld	a, (hl+)
      000148 66                     375 	ld	h, (hl)
      000149 6F                     376 	ld	l, a
      00014A 36 04                  377 	ld	(hl), #0x04
                                    378 ;src\blittest.c:86: for (x=0 ; x!=20 ; ++x)
      00014C F8 07                  379 	ldhl	sp,	#7
      00014E 34                     380 	inc	(hl)
      00014F 7E                     381 	ld	a, (hl)
      000150 D6 14                  382 	sub	a, #0x14
      000152 20 B5                  383 	jr	NZ, 00106$
                                    384 ;src\blittest.c:92: oy += 20;
      000154 21 14 00               385 	ld	hl, #0x0014
      000157 09                     386 	add	hl, bc
      000158 4D                     387 	ld	c, l
      000159 44                     388 	ld	b, h
                                    389 ;src\blittest.c:84: for (y=0 ; y!=18 ; ++y)
      00015A F8 06                  390 	ldhl	sp,	#6
      00015C 34                     391 	inc	(hl)
      00015D 7E                     392 	ld	a, (hl)
      00015E D6 12                  393 	sub	a, #0x12
      000160 20 88                  394 	jr	NZ, 00112$
                                    395 ;src\blittest.c:99: }
      000162 F3                     396 	di
                                    397 ;src\blittest.c:96: STAT_REG = 0x18;
      000163 3E 18                  398 	ld	a, #0x18
      000165 E0r00                  399 	ldh	(_STAT_REG+0),a
                                    400 ;src\blittest.c:97: add_VBL(blittest_vbl);
      000167 21r00r00               401 	ld	hl, #_blittest_vbl
      00016A E5                     402 	push	hl
      00016B CDr00r00               403 	call	_add_VBL
      00016E E8 02                  404 	add	sp, #2
                                    405 ;src\blittest.c:98: add_LCD(blittest_lcd);
      000170 21r13r00               406 	ld	hl, #_blittest_lcd
      000173 E5                     407 	push	hl
      000174 CDr00r00               408 	call	_add_LCD
      000177 E8 02                  409 	add	sp, #2
      000179 FB                     410 	ei
                                    411 ;src\blittest.c:100: set_interrupts(LCD_IFLAG | VBL_IFLAG);
      00017A 3E 03                  412 	ld	a, #0x03
      00017C F5                     413 	push	af
      00017D 33                     414 	inc	sp
      00017E CDr00r00               415 	call	_set_interrupts
      000181 33                     416 	inc	sp
                                    417 ;src\blittest.c:102: DISPLAY_ON;
      000182 F0r00                  418 	ldh	a, (_LCDC_REG+0)
      000184 F6 80                  419 	or	a, #0x80
      000186 E0r00                  420 	ldh	(_LCDC_REG+0),a
                                    421 ;src\blittest.c:103: enable_interrupts();
      000188 CDr00r00               422 	call	_enable_interrupts
                                    423 ;src\blittest.c:105: while (1)
      00018B                        424 00104$:
                                    425 ;src\blittest.c:109: }
      00018B F3                     426 	di
                                    427 ;src\blittest.c:108: toto = (toto+1)%16;
      00018C 21r3Dr04               428 	ld	hl, #_toto
      00018F 4E                     429 	ld	c, (hl)
      000190 06 00                  430 	ld	b, #0x00
      000192 03                     431 	inc	bc
      000193 21 10 00               432 	ld	hl, #0x0010
      000196 E5                     433 	push	hl
      000197 C5                     434 	push	bc
      000198 CDr00r00               435 	call	__modsint
      00019B E8 04                  436 	add	sp, #4
      00019D 21r3Dr04               437 	ld	hl, #_toto
      0001A0 73                     438 	ld	(hl), e
      0001A1 FB                     439 	ei
                                    440 ;src\blittest.c:115: test_scanline_offsets = &test_scanline_offsets_tbl[(UBYTE)(sys_time >> 2) & 0x07u];
      0001A2 01rACr00               441 	ld	bc, #_test_scanline_offsets_tbl+0
      0001A5 21r01r00               442 	ld	hl, #_sys_time + 1
      0001A8 2B                     443 	dec	hl
      0001A9 2A                     444 	ld	a, (hl+)
      0001AA 5F                     445 	ld	e, a
      0001AB 56                     446 	ld	d, (hl)
      0001AC CB 3A                  447 	srl	d
      0001AE CB 1B                  448 	rr	e
      0001B0 CB 3A                  449 	srl	d
      0001B2 CB 1B                  450 	rr	e
      0001B4 7B                     451 	ld	a, e
      0001B5 1E 00                  452 	ld	e, #0x00
      0001B7 E6 07                  453 	and	a, #0x07
      0001B9 26 00                  454 	ld	h, #0x00
      0001BB 6F                     455 	ld	l, a
      0001BC 09                     456 	add	hl, bc
      0001BD 7D                     457 	ld	a, l
      0001BE EAr3Fr04               458 	ld	(_test_scanline_offsets), a
      0001C1 7C                     459 	ld	a, h
      0001C2 EAr40r04               460 	ld	(_test_scanline_offsets + 1), a
                                    461 ;src\blittest.c:116: wait_vbl_done(); 
      0001C5 CDr00r00               462 	call	_wait_vbl_done
                                    463 ;src\blittest.c:117: test_scanline_offsets = &test_scanline_offsets_tbl[(UBYTE)(sys_time >> 2) & 0x07u];
      0001C8 21r01r00               464 	ld	hl, #_sys_time + 1
      0001CB 2B                     465 	dec	hl
      0001CC 2A                     466 	ld	a, (hl+)
      0001CD 5F                     467 	ld	e, a
      0001CE 56                     468 	ld	d, (hl)
      0001CF CB 3A                  469 	srl	d
      0001D1 CB 1B                  470 	rr	e
      0001D3 CB 3A                  471 	srl	d
      0001D5 CB 1B                  472 	rr	e
      0001D7 7B                     473 	ld	a, e
      0001D8 1E 00                  474 	ld	e, #0x00
      0001DA E6 07                  475 	and	a, #0x07
      0001DC 26 00                  476 	ld	h, #0x00
      0001DE 6F                     477 	ld	l, a
      0001DF 09                     478 	add	hl, bc
      0001E0 7D                     479 	ld	a, l
      0001E1 EAr3Fr04               480 	ld	(_test_scanline_offsets), a
      0001E4 7C                     481 	ld	a, h
      0001E5 EAr40r04               482 	ld	(_test_scanline_offsets + 1), a
                                    483 ;src\blittest.c:118: wait_vbl_done();		
      0001E8 CDr00r00               484 	call	_wait_vbl_done
      0001EB 18 9E                  485 	jr	00104$
                                    486 ;src\blittest.c:124: }
      0001ED E8 08                  487 	add	sp, #8
      0001EF C9                     488 	ret
                                    489 	.area _CODE_4
                                    490 	.area _CABS (ABS)
