ROM0 bank #0:
  SECTION: $0000-$003f ($0040 bytes) ["restarts"]
  SECTION: $0040-$0040 ($0001 byte) ["Vblank interrupt"]
  SECTION: $0048-$004b ($0004 bytes) ["LCD controller status interrupt"]
  SECTION: $0050-$0050 ($0001 byte) ["Timer overflow interrupt"]
  SECTION: $0058-$0058 ($0001 byte) ["Serial transfer completion interrupt"]
  SECTION: $0060-$0060 ($0001 byte) ["P10-P13 signal low edge interrupt"]
  SECTION: $0100-$0103 ($0004 bytes) ["init"]
  SECTION: $0104-$0133 ($0030 bytes) ["nintendo_logo"]
  SECTION: $0134-$0145 ($0012 bytes) ["romname"]
  SECTION: $0150-$01c9 ($007a bytes) ["main"]
           $0153 = isr_wrapper
           $0164 = _init
    SLACK: $3ef8 bytes

ROMX bank #1:
  SECTION: $4000-$53fd ($13fe bytes) ["Song Data"]
           $4000 = song
           $4015 = order_cnt
           $4016 = order1
           $4038 = order2
           $405a = order3
           $407c = order4
           $409e = P0
           $415e = P1
           $421e = P2
           $42de = P3
           $439e = P10
           $445e = P12
           $451e = P21
           $45de = P22
           $469e = P33
           $475e = P43
           $481e = P51
           $48de = P53
           $499e = P70
           $4a5e = P72
           $4b1e = P80
           $4bde = P82
           $4c9e = P110
           $4d5e = P111
           $4e1e = P112
           $4ede = P120
           $4f9e = P121
           $505e = P123
           $511e = P130
           $51de = duty_instruments
           $521a = wave_instruments
           $5256 = noise_instruments
           $52ce = __hUGE_Routine_0
           $52cf = __hUGE_Routine_1
           $52d0 = __hUGE_Routine_2
           $52d1 = __hUGE_Routine_3
           $52d2 = __hUGE_Routine_4
           $52d3 = __hUGE_Routine_5
           $52d4 = __hUGE_Routine_6
           $52d5 = __hUGE_Routine_7
           $52d6 = __hUGE_Routine_8
           $52d7 = __hUGE_Routine_9
           $52d8 = __hUGE_Routine_10
           $52d9 = __hUGE_Routine_11
           $52da = __hUGE_Routine_12
           $52db = __hUGE_Routine_13
           $52dc = __hUGE_Routine_14
           $52dd = __hUGE_Routine_15
           $52de = routines
           $52fe = waves
  SECTION: $53fe-$5b8d ($0790 bytes) ["Sound Driver"]
           $53fe = _hUGE_init_banked
           $5402 = _hUGE_init
           $5404 = continue_init
           $540d = _hUGE_mute_channel_banked
           $5411 = _hUGE_mute_channel
           $5413 = continue_mute
           $541e = hUGE_mute_channel
           $5424 = hUGE_mute_channel.enable_loop
           $542b = hUGE_mute_channel.enable_cut
           $5438 = hUGE_init
           $5458 = hUGE_init.copy_song_descriptor_loop
           $5462 = _refresh_patterns
           $547d = _refresh_patterns.load_pattern
           $548d = _load_note_data
           $549f = _lookup_note
           $54a9 = _convert_note
           $54b7 = _convert_ch4_note
           $54ce = _update_channel
           $54e6 = _update_channel2
           $54f4 = _update_channel3
           $5502 = _update_channel4
           $5512 = _playnote1
           $552d = _playnote2
           $5548 = _playnote3
           $5569 = _playnote4
           $557d = _doeffect
           $5592 = _doeffect.jump
           $55c2 = setup_channel_pointer
           $55d0 = fx_set_master_volume
           $55d5 = fx_call_routine
           $55f7 = fx_call_routine.call_hl
           $55f8 = fx_set_pan
           $55fd = fx_set_duty
           $560c = fx_set_duty.chan1
           $5616 = fx_vol_slide
           $561d = fx_vol_slide.loop
           $5622 = fx_vol_slide.cont
           $5654 = fx_vol_slide.cont1
           $565b = fx_vol_slide.cont2
           $566f = _envelope_registers
           $5677 = fx_note_delay
           $5690 = fx_note_delay.play_note
           $56ae = _play_note_routines
           $56ba = fx_set_speed
           $56c0 = fx_pos_jump
           $56ca = fx_pattern_break
           $56cf = fx_note_cut
           $56d7 = fx_note_cut.loop
           $56dc = fx_note_cut.cont
           $56e1 = note_cut
           $56f8 = fx_set_volume
           $571a = set_chn_3_vol.two
           $571e = set_chn_3_vol.one
           $5722 = set_chn_3_vol.zero
           $5723 = set_chn_3_vol.done
           $5726 = set_chn_2_vol
           $5736 = set_chn_1_vol
           $5746 = set_chn_4_vol
           $5752 = fx_vibrato
           $576a = fx_vibrato.go_up
           $5775 = fx_vibrato.finish_vibrato
           $577b = fx_arpeggio
           $5787 = fx_arpeggio.greater_than_two
           $5789 = fx_arpeggio.test_greater_than_two
           $5798 = fx_arpeggio.arp_options
           $579e = fx_arpeggio.reset_arp
           $57a1 = fx_arpeggio.set_arp2
           $57a6 = fx_arpeggio.set_arp1
           $57a7 = fx_arpeggio.finish_arp
           $57aa = fx_arpeggio.finish_skip_add
           $57b3 = fx_porta_up
           $57c2 = fx_porta_up.finish
           $57c9 = fx_porta_down
           $57db = fx_toneporta
           $57ed = fx_toneporta.return_skip
           $57f7 = fx_toneporta.do_toneporta
           $580c = fx_toneporta.high_byte_same
           $5812 = fx_toneporta.add
           $5824 = fx_toneporta.subtract
           $583a = fx_toneporta.set_exact
           $583c = fx_toneporta.done
           $584f = _setup_instrument_pointer_ch4
           $585a = _setup_instrument_pointer
           $5861 = _setup_instrument_pointer.finish
           $586a = _hUGE_dosound_banked
           $586a = _hUGE_dosound
           $58a9 = _hUGE_dosound.write_mask1
           $58ac = _hUGE_dosound.do_setvol1
           $58bf = _hUGE_dosound.after_note1
           $58f4 = _hUGE_dosound.write_mask2
           $58f7 = _hUGE_dosound.do_setvol2
           $590a = _hUGE_dosound.after_note2
           $5991 = _hUGE_dosound.no_wave_copy
           $5992 = _hUGE_dosound.write_mask3
           $5995 = _hUGE_dosound.do_setvol3
           $59a0 = _hUGE_dosound.after_note3
           $59f1 = _hUGE_dosound.write_mask4
           $59f4 = _hUGE_dosound.do_setvol4
           $59ff = _hUGE_dosound.after_note4
           $5a02 = _hUGE_dosound.process_effects
           $5a1e = _hUGE_dosound.after_effect1
           $5a3a = _hUGE_dosound.after_effect2
           $5a56 = _hUGE_dosound.after_effect3
           $5aa1 = _hUGE_dosound.done_macro
           $5aaa = process_tick
           $5aaa = _hUGE_dosound.after_effect4
           $5abc = _newrow
           $5ad9 = _newrow.no_break
           $5ae4 = _neworder
           $5af1 = _update_current_order
           $5af8 = _noreset
           $5afe = note_table
    SLACK: $2472 bytes

WRAM0 bank #0:
  SECTION: $c000-$c045 ($0046 bytes) ["Playback variables"]
           $c000 = order_cnt
           $c001 = order1
           $c003 = order2
           $c005 = order3
           $c007 = order4
           $c009 = duty_instruments
           $c00b = wave_instruments
           $c00d = noise_instruments
           $c00f = routines
           $c011 = waves
           $c013 = mute_channels
           $c014 = pattern1
           $c016 = pattern2
           $c018 = pattern3
           $c01a = pattern4
           $c01c = ticks_per_row
           $c01d = current_order
           $c01e = next_order
           $c01f = row_break
           $c020 = temp_note_value
           $c022 = row
           $c023 = tick
           $c024 = counter
           $c025 = current_wave
           $c026 = channel_period1
           $c026 = channels
           $c02a = channel_note1
           $c02c = envelope1
           $c02d = highmask1
           $c02e = channel_period2
           $c032 = channel_note2
           $c034 = envelope2
           $c035 = highmask2
           $c036 = channel_period3
           $c03a = channel_note3
           $c03d = highmask3
           $c03e = channel_period4
           $c042 = channel_note4
           $c045 = highmask4
    SLACK: $0fba bytes

HRAM bank #0:
  SECTION: $ff84-$fffd ($007a bytes) ["Stack"]
    SLACK: $0005 bytes

